[     915ms] [INFO] %cDownload the React DevTools for a better development experience: https://react.dev/link/react-devtools font-weight:bold @ http://localhost:3000/_next/static/chunks/123w_next_dist_0._4zt6._.js:2477
[    1001ms] [LOG] [HMR] connected @ http://localhost:3000/_next/static/chunks/123w_next_dist_0._4zt6._.js:2477
[   20805ms] [LOG] [Fast Refresh] rebuilding @ http://localhost:3000/_next/static/chunks/123w_next_dist_0._4zt6._.js:2477
[   21194ms] [LOG] [Fast Refresh] done in 490ms @ http://localhost:3000/_next/static/chunks/123w_next_dist_0._4zt6._.js:2477
[   21961ms] [LOG] [Fast Refresh] rebuilding @ http://localhost:3000/_next/static/chunks/123w_next_dist_0._4zt6._.js:2477
[   22098ms] [LOG] [Fast Refresh] done in 243ms @ http://localhost:3000/_next/static/chunks/123w_next_dist_0._4zt6._.js:2477
[   22291ms] [INFO] %cDownload the React DevTools for a better development experience: https://react.dev/link/react-devtools font-weight:bold @ http://localhost:3000/_next/static/chunks/123w_next_dist_0._4zt6._.js:2477
[   22339ms] [LOG] [HMR] connected @ http://localhost:3000/_next/static/chunks/123w_next_dist_0._4zt6._.js:2477
[   22452ms] [LOG] [Fast Refresh] rebuilding @ http://localhost:3000/_next/static/chunks/123w_next_dist_0._4zt6._.js:2477
[   22825ms] [LOG] [Fast Refresh] done in 476ms @ http://localhost:3000/_next/static/chunks/123w_next_dist_0._4zt6._.js:2477
[   23452ms] [LOG] [Fast Refresh] rebuilding @ http://localhost:3000/_next/static/chunks/123w_next_dist_0._4zt6._.js:2477
[   23462ms] [LOG] [Fast Refresh] done in 114ms @ http://localhost:3000/_next/static/chunks/123w_next_dist_0._4zt6._.js:2477
[   40767ms] [LOG] [Fast Refresh] rebuilding @ http://localhost:3000/_next/static/chunks/123w_next_dist_0._4zt6._.js:2477
[   40846ms] [LOG] [Fast Refresh] done in 185ms @ http://localhost:3000/_next/static/chunks/123w_next_dist_0._4zt6._.js:2477
[   56890ms] [LOG] [Fast Refresh] rebuilding @ http://localhost:3000/_next/static/chunks/123w_next_dist_0._4zt6._.js:2477
[   56954ms] [LOG] [Fast Refresh] done in 169ms @ http://localhost:3000/_next/static/chunks/123w_next_dist_0._4zt6._.js:2477
[   72273ms] [INFO] %cDownload the React DevTools for a better development experience: https://react.dev/link/react-devtools font-weight:bold @ http://localhost:3000/_next/static/chunks/123w_next_dist_0._4zt6._.js:2477
[   72291ms] [LOG] [HMR] connected @ http://localhost:3000/_next/static/chunks/123w_next_dist_0._4zt6._.js:2477
[   82477ms] [LOG] [Fast Refresh] rebuilding @ http://localhost:3000/_next/static/chunks/123w_next_dist_0._4zt6._.js:2477
[   82541ms] [LOG] [Fast Refresh] done in 168ms @ http://localhost:3000/_next/static/chunks/123w_next_dist_0._4zt6._.js:2477
[  104665ms] [INFO] %cDownload the React DevTools for a better development experience: https://react.dev/link/react-devtools font-weight:bold @ http://localhost:3000/_next/static/chunks/123w_next_dist_0._4zt6._.js:2477
[  104700ms] [LOG] [HMR] connected @ http://localhost:3000/_next/static/chunks/123w_next_dist_0._4zt6._.js:2477
[  104865ms] [LOG] [Fast Refresh] rebuilding @ http://localhost:3000/_next/static/chunks/123w_next_dist_0._4zt6._.js:2477
[  104936ms] [LOG] [Fast Refresh] done in 173ms @ http://localhost:3000/_next/static/chunks/123w_next_dist_0._4zt6._.js:2477
[  115943ms] [LOG] [Fast Refresh] rebuilding @ http://localhost:3000/_next/static/chunks/123w_next_dist_0._4zt6._.js:2477
[  116106ms] [ERROR] Failed to load resource: the server responded with a status of 400 (Bad Request) @ http://localhost:3000/api/floor:0
[  116106ms] [WARNING] [persist] PUT /api/floor → HTTP 400 @ http://localhost:3000/_next/static/chunks/123w_next_dist_0._4zt6._.js:2477
[  116178ms] [LOG] [Fast Refresh] done in 340ms @ http://localhost:3000/_next/static/chunks/123w_next_dist_0._4zt6._.js:2477
[  129868ms] [LOG] [Fast Refresh] rebuilding @ http://localhost:3000/_next/static/chunks/123w_next_dist_0._4zt6._.js:2477
[  129932ms] [LOG] [Fast Refresh] done in 168ms @ http://localhost:3000/_next/static/chunks/123w_next_dist_0._4zt6._.js:2477
[  133941ms] [LOG] [Fast Refresh] rebuilding @ http://localhost:3000/_next/static/chunks/123w_next_dist_0._4zt6._.js:2477
[  134005ms] [LOG] [Fast Refresh] done in 167ms @ http://localhost:3000/_next/static/chunks/123w_next_dist_0._4zt6._.js:2477
[  145506ms] [LOG] [Fast Refresh] rebuilding @ http://localhost:3000/_next/static/chunks/123w_next_dist_0._4zt6._.js:2477
[  145570ms] [LOG] [Fast Refresh] done in 169ms @ http://localhost:3000/_next/static/chunks/123w_next_dist_0._4zt6._.js:2477
[  157193ms] [LOG] [Fast Refresh] rebuilding @ http://localhost:3000/_next/static/chunks/123w_next_dist_0._4zt6._.js:2477
[  157259ms] [LOG] [Fast Refresh] done in 172ms @ http://localhost:3000/_next/static/chunks/123w_next_dist_0._4zt6._.js:2477
[  168747ms] [LOG] [Fast Refresh] rebuilding @ http://localhost:3000/_next/static/chunks/123w_next_dist_0._4zt6._.js:2477
[  168810ms] [LOG] [Fast Refresh] done in 168ms @ http://localhost:3000/_next/static/chunks/123w_next_dist_0._4zt6._.js:2477
[  214562ms] [LOG] [Fast Refresh] rebuilding @ http://localhost:3000/_next/static/chunks/123w_next_dist_0._4zt6._.js:2477
[  214626ms] [LOG] [Fast Refresh] done in 170ms @ http://localhost:3000/_next/static/chunks/123w_next_dist_0._4zt6._.js:2477
[  218335ms] [LOG] [Fast Refresh] rebuilding @ http://localhost:3000/_next/static/chunks/123w_next_dist_0._4zt6._.js:2477
[  218400ms] [LOG] [Fast Refresh] done in 170ms @ http://localhost:3000/_next/static/chunks/123w_next_dist_0._4zt6._.js:2477
[  287594ms] [LOG] [Fast Refresh] rebuilding @ http://localhost:3000/_next/static/chunks/123w_next_dist_0._4zt6._.js:2477
[  287611ms] [LOG] [Fast Refresh] done in 121ms @ http://localhost:3000/_next/static/chunks/123w_next_dist_0._4zt6._.js:2477
[  301573ms] [LOG] [Fast Refresh] rebuilding @ http://localhost:3000/_next/static/chunks/123w_next_dist_0._4zt6._.js:2477
[  301625ms] [LOG] [Fast Refresh] done in 153ms @ http://localhost:3000/_next/static/chunks/123w_next_dist_0._4zt6._.js:2477
[  305172ms] [LOG] [Fast Refresh] rebuilding @ http://localhost:3000/_next/static/chunks/123w_next_dist_0._4zt6._.js:2477
[  305237ms] [LOG] [Fast Refresh] done in 166ms @ http://localhost:3000/_next/static/chunks/123w_next_dist_0._4zt6._.js:2477
[  308877ms] [LOG] [Fast Refresh] rebuilding @ http://localhost:3000/_next/static/chunks/123w_next_dist_0._4zt6._.js:2477
[  308945ms] [LOG] [Fast Refresh] done in 169ms @ http://localhost:3000/_next/static/chunks/123w_next_dist_0._4zt6._.js:2477
[  312495ms] [LOG] [Fast Refresh] rebuilding @ http://localhost:3000/_next/static/chunks/123w_next_dist_0._4zt6._.js:2477
[  312641ms] [LOG] [Fast Refresh] done in 246ms @ http://localhost:3000/_next/static/chunks/123w_next_dist_0._4zt6._.js:2477
[  316440ms] [LOG] [Fast Refresh] rebuilding @ http://localhost:3000/_next/static/chunks/123w_next_dist_0._4zt6._.js:2477
[  316506ms] [LOG] [Fast Refresh] done in 167ms @ http://localhost:3000/_next/static/chunks/123w_next_dist_0._4zt6._.js:2477
[  320006ms] [LOG] [Fast Refresh] rebuilding @ http://localhost:3000/_next/static/chunks/123w_next_dist_0._4zt6._.js:2477
[  320069ms] [LOG] [Fast Refresh] done in 166ms @ http://localhost:3000/_next/static/chunks/123w_next_dist_0._4zt6._.js:2477
[  323744ms] [LOG] [Fast Refresh] rebuilding @ http://localhost:3000/_next/static/chunks/123w_next_dist_0._4zt6._.js:2477
[  323809ms] [LOG] [Fast Refresh] done in 169ms @ http://localhost:3000/_next/static/chunks/123w_next_dist_0._4zt6._.js:2477
[  327277ms] [LOG] [Fast Refresh] rebuilding @ http://localhost:3000/_next/static/chunks/123w_next_dist_0._4zt6._.js:2477
[  327330ms] [LOG] [Fast Refresh] done in 153ms @ http://localhost:3000/_next/static/chunks/123w_next_dist_0._4zt6._.js:2477
[  330672ms] [LOG] [Fast Refresh] rebuilding @ http://localhost:3000/_next/static/chunks/123w_next_dist_0._4zt6._.js:2477
[  330738ms] [LOG] [Fast Refresh] done in 167ms @ http://localhost:3000/_next/static/chunks/123w_next_dist_0._4zt6._.js:2477
[  334294ms] [LOG] [Fast Refresh] rebuilding @ http://localhost:3000/_next/static/chunks/123w_next_dist_0._4zt6._.js:2477
[  334359ms] [LOG] [Fast Refresh] done in 168ms @ http://localhost:3000/_next/static/chunks/123w_next_dist_0._4zt6._.js:2477
[  337994ms] [LOG] [Fast Refresh] rebuilding @ http://localhost:3000/_next/static/chunks/123w_next_dist_0._4zt6._.js:2477
[  338058ms] [LOG] [Fast Refresh] done in 166ms @ http://localhost:3000/_next/static/chunks/123w_next_dist_0._4zt6._.js:2477
[  341627ms] [LOG] [Fast Refresh] rebuilding @ http://localhost:3000/_next/static/chunks/123w_next_dist_0._4zt6._.js:2477
[  341692ms] [LOG] [Fast Refresh] done in 169ms @ http://localhost:3000/_next/static/chunks/123w_next_dist_0._4zt6._.js:2477
[  353665ms] [LOG] [Fast Refresh] rebuilding @ http://localhost:3000/_next/static/chunks/123w_next_dist_0._4zt6._.js:2477
[  353718ms] [LOG] [Fast Refresh] done in 153ms @ http://localhost:3000/_next/static/chunks/123w_next_dist_0._4zt6._.js:2477
[  357302ms] [LOG] [Fast Refresh] rebuilding @ http://localhost:3000/_next/static/chunks/123w_next_dist_0._4zt6._.js:2477
[  357367ms] [LOG] [Fast Refresh] done in 168ms @ http://localhost:3000/_next/static/chunks/123w_next_dist_0._4zt6._.js:2477
[  361240ms] [LOG] [Fast Refresh] rebuilding @ http://localhost:3000/_next/static/chunks/123w_next_dist_0._4zt6._.js:2477
[  361334ms] [LOG] [Fast Refresh] done in 196ms @ http://localhost:3000/_next/static/chunks/123w_next_dist_0._4zt6._.js:2477
[  365531ms] [LOG] [Fast Refresh] rebuilding @ http://localhost:3000/_next/static/chunks/123w_next_dist_0._4zt6._.js:2477
[  365597ms] [LOG] [Fast Refresh] done in 166ms @ http://localhost:3000/_next/static/chunks/123w_next_dist_0._4zt6._.js:2477
[  369673ms] [LOG] [Fast Refresh] rebuilding @ http://localhost:3000/_next/static/chunks/123w_next_dist_0._4zt6._.js:2477
[  369801ms] [LOG] [Fast Refresh] done in 231ms @ http://localhost:3000/_next/static/chunks/123w_next_dist_0._4zt6._.js:2477
[  374486ms] [LOG] [Fast Refresh] rebuilding @ http://localhost:3000/_next/static/chunks/123w_next_dist_0._4zt6._.js:2477
[  374613ms] [LOG] [Fast Refresh] done in 229ms @ http://localhost:3000/_next/static/chunks/123w_next_dist_0._4zt6._.js:2477
[  378853ms] [LOG] [Fast Refresh] rebuilding @ http://localhost:3000/_next/static/chunks/123w_next_dist_0._4zt6._.js:2477
[  379029ms] [LOG] [Fast Refresh] done in 280ms @ http://localhost:3000/_next/static/chunks/123w_next_dist_0._4zt6._.js:2477
[  387252ms] [LOG] [Fast Refresh] rebuilding @ http://localhost:3000/_next/static/chunks/123w_next_dist_0._4zt6._.js:2477
[  387411ms] [LOG] [Fast Refresh] done in 261ms @ http://localhost:3000/_next/static/chunks/123w_next_dist_0._4zt6._.js:2477
[  402218ms] [LOG] [Fast Refresh] rebuilding @ http://localhost:3000/_next/static/chunks/123w_next_dist_0._4zt6._.js:2477
[  402329ms] [LOG] [Fast Refresh] done in 213ms @ http://localhost:3000/_next/static/chunks/123w_next_dist_0._4zt6._.js:2477
[  406473ms] [LOG] [Fast Refresh] rebuilding @ http://localhost:3000/_next/static/chunks/123w_next_dist_0._4zt6._.js:2477
[  406705ms] [LOG] [Fast Refresh] done in 332ms @ http://localhost:3000/_next/static/chunks/123w_next_dist_0._4zt6._.js:2477
[  410552ms] [LOG] [Fast Refresh] rebuilding @ http://localhost:3000/_next/static/chunks/123w_next_dist_0._4zt6._.js:2477
[  410746ms] [LOG] [Fast Refresh] done in 294ms @ http://localhost:3000/_next/static/chunks/123w_next_dist_0._4zt6._.js:2477
[  414856ms] [LOG] [Fast Refresh] rebuilding @ http://localhost:3000/_next/static/chunks/123w_next_dist_0._4zt6._.js:2477
[  415047ms] [LOG] [Fast Refresh] done in 295ms @ http://localhost:3000/_next/static/chunks/123w_next_dist_0._4zt6._.js:2477
[  419031ms] [LOG] [Fast Refresh] rebuilding @ http://localhost:3000/_next/static/chunks/123w_next_dist_0._4zt6._.js:2477
[  419144ms] [LOG] [Fast Refresh] done in 214ms @ http://localhost:3000/_next/static/chunks/123w_next_dist_0._4zt6._.js:2477
[  423161ms] [LOG] [Fast Refresh] rebuilding @ http://localhost:3000/_next/static/chunks/123w_next_dist_0._4zt6._.js:2477
[  423365ms] [LOG] [Fast Refresh] done in 307ms @ http://localhost:3000/_next/static/chunks/123w_next_dist_0._4zt6._.js:2477
[  427186ms] [LOG] [Fast Refresh] rebuilding @ http://localhost:3000/_next/static/chunks/123w_next_dist_0._4zt6._.js:2477
[  427394ms] [LOG] [Fast Refresh] done in 309ms @ http://localhost:3000/_next/static/chunks/123w_next_dist_0._4zt6._.js:2477
[  431539ms] [LOG] [Fast Refresh] rebuilding @ http://localhost:3000/_next/static/chunks/123w_next_dist_0._4zt6._.js:2477
[  431808ms] [LOG] [Fast Refresh] done in 370ms @ http://localhost:3000/_next/static/chunks/123w_next_dist_0._4zt6._.js:2477
[  444181ms] [LOG] [Fast Refresh] rebuilding @ http://localhost:3000/_next/static/chunks/123w_next_dist_0._4zt6._.js:2477
[  444343ms] [LOG] [Fast Refresh] done in 262ms @ http://localhost:3000/_next/static/chunks/123w_next_dist_0._4zt6._.js:2477
