[    4457ms] [LOG] %c
▲

    ____                               _ __
   / __ \________  ____ _____ ___     (_) /_
  / / / / ___/ _ \/ __ `/ __ `__ \   / / __/
 / /_/ / /  /  __/ /_/ / / / / / /  / / /__
/_____/_/   \___/\__,_/_/ /_/ /_/  /_/\__( )
   _____ __    _          _ __           |/
  / ___// /_  (_)___     (_) /_
  \__ \/ __ \/ / __ \   / / __/
 ___/ / / / / / /_/ /  / / /_
/____/_/ /_/_/ .___/  /_/\__/
            /_/
  

Hello!

- Open Source https://vercel.com/oss
- Careers https://vercel.com/careers
- Status https://vercel-status.com

 font-family: "Geist Mono", monospace; white-space: pre; line-height: 1; @ https://vercel.com/_next/static/immutable/chunks/1bfsdnun77trp.js:78
[    7740ms] [ERROR] Failed to load resource: the server responded with a status of 403 () @ https://vercel.com/api/jwt:0
[    8575ms] [WARNING] [GSI_LOGGER]: Your client application uses one of the Google One Tap prompt UI status methods that may stop functioning when FedCM becomes mandatory. Refer to the migration guide to update your code accordingly and opt-in to FedCM to test your changes. Learn more: https://developers.google.com/identity/gsi/web/guides/fedcm-migration?s=dc#display_moment and https://developers.google.com/identity/gsi/web/guides/fedcm-migration?s=dc#skipped_moment @ https://accounts.google.com/gsi/client:86
[    9452ms] [ERROR] Provider's accounts list is empty. @ https://vercel.com/login?next=%2Fsso-api%3Furl%3Dhttps%253A%252F%252Ftravola-os-tablai.vercel.app%252Flogin%253F_vercel_share%253DS3ymd5cw9hmqylnpWJIT0EFGet4m1Odv%26nonce%3Dfc94ff03ef7c406510e4872f1511711d9e2126f6c89b04f96cd5199de02c3f57:0
[   10926ms] [WARNING] Deprecated API for given entry type. @ https://vercel.com/_next/static/immutable/chunks/3t_14ji9k0zx2.js:18
[   14165ms] [WARNING] The resource https://vercel.com/_next/static/immutable/chunks/1348xnwu9-yfg.css was preloaded using link preload but not used within a few seconds from the window's load event. Please make sure it has an appropriate `as` value and it is preloaded intentionally. @ https://vercel.com/login?next=%2Fsso-api%3Furl%3Dhttps%253A%252F%252Ftravola-os-tablai.vercel.app%252Flogin%253F_vercel_share%253DS3ymd5cw9hmqylnpWJIT0EFGet4m1Odv%26nonce%3Dfc94ff03ef7c406510e4872f1511711d9e2126f6c89b04f96cd5199de02c3f57:0
[   14165ms] [WARNING] The resource https://vercel.com/_next/static/immutable/chunks/2xbfzgewmgp31.css was preloaded using link preload but not used within a few seconds from the window's load event. Please make sure it has an appropriate `as` value and it is preloaded intentionally. @ https://vercel.com/login?next=%2Fsso-api%3Furl%3Dhttps%253A%252F%252Ftravola-os-tablai.vercel.app%252Flogin%253F_vercel_share%253DS3ymd5cw9hmqylnpWJIT0EFGet4m1Odv%26nonce%3Dfc94ff03ef7c406510e4872f1511711d9e2126f6c89b04f96cd5199de02c3f57:0
[   16568ms] [ERROR] [GSI_LOGGER]: FedCM get() rejects with NetworkError: Error retrieving a token. @ https://vercel.com/_next/static/immutable/chunks/0n2lbx-gv7qii.js:8
[   16721ms] [ERROR] Failed to load resource: the server responded with a status of 429 () @ https://o205439.ingest.sentry.io/api/1323670/envelope/?sentry_key=d00780d432ac4ccf882f60dd02062e14&sentry_version=7&sentry_client=sentry.javascript.browser%2F7.111.0:0
[   19797ms] [WARNING] The resource https://vercel.com/_next/static/immutable/chunks/1348xnwu9-yfg.css was preloaded using link preload but not used within a few seconds from the window's load event. Please make sure it has an appropriate `as` value and it is preloaded intentionally. @ https://vercel.com/login?next=%2Fsso-api%3Furl%3Dhttps%253A%252F%252Ftravola-os-tablai.vercel.app%252Flogin%253F_vercel_share%253DS3ymd5cw9hmqylnpWJIT0EFGet4m1Odv%26nonce%3Dfc94ff03ef7c406510e4872f1511711d9e2126f6c89b04f96cd5199de02c3f57:0
[   19797ms] [WARNING] The resource https://vercel.com/_next/static/immutable/chunks/2xbfzgewmgp31.css was preloaded using link preload but not used within a few seconds from the window's load event. Please make sure it has an appropriate `as` value and it is preloaded intentionally. @ https://vercel.com/login?next=%2Fsso-api%3Furl%3Dhttps%253A%252F%252Ftravola-os-tablai.vercel.app%252Flogin%253F_vercel_share%253DS3ymd5cw9hmqylnpWJIT0EFGet4m1Odv%26nonce%3Dfc94ff03ef7c406510e4872f1511711d9e2126f6c89b04f96cd5199de02c3f57:0
[   23856ms] [WARNING] The resource https://vercel.com/_next/static/immutable/chunks/1348xnwu9-yfg.css was preloaded using link preload but not used within a few seconds from the window's load event. Please make sure it has an appropriate `as` value and it is preloaded intentionally. @ https://vercel.com/login?next=%2Fsso-api%3Furl%3Dhttps%253A%252F%252Ftravola-os-tablai.vercel.app%252Flogin%253F_vercel_share%253DS3ymd5cw9hmqylnpWJIT0EFGet4m1Odv%26nonce%3Dfc94ff03ef7c406510e4872f1511711d9e2126f6c89b04f96cd5199de02c3f57:0
[   23857ms] [WARNING] The resource https://vercel.com/_next/static/immutable/chunks/2xbfzgewmgp31.css was preloaded using link preload but not used within a few seconds from the window's load event. Please make sure it has an appropriate `as` value and it is preloaded intentionally. @ https://vercel.com/login?next=%2Fsso-api%3Furl%3Dhttps%253A%252F%252Ftravola-os-tablai.vercel.app%252Flogin%253F_vercel_share%253DS3ymd5cw9hmqylnpWJIT0EFGet4m1Odv%26nonce%3Dfc94ff03ef7c406510e4872f1511711d9e2126f6c89b04f96cd5199de02c3f57:0
[11856063ms] [VERBOSE] [DOM] Password field is not contained in a form: (More info: https://goo.gl/9p2vKq) %o @ https://accounts.google.com/v3/signin/identifier?opparams=%253F&dsh=S-920666773%3A1784591552724051&client_id=1078992815106-brpsupgvhheqg35tupphbh0qk9c32nq8.apps.googleusercontent.com&code_challenge=q7MeMM6VKTTyg2is91P-zQ8HYhFq_RvhfUbrX6HKB5I&code_challenge_method=S256&nonce=a988407d4c30fee230d3fe395a6f9ee0&o2v=2&prompt=select_account&redirect_uri=https%3A%2F%2Fgithub.com%2Fsessions%2Fsocial%2Fgoogle%2Fcallback&response_type=code&scope=openid+email+profile&service=lso&state=c0b711597c5ec939c812052222af54e5&flowName=GeneralOAuthFlow&continue=https%3A%2F%2Faccounts.google.com%2Fsignin%2Foauth%2Fconsent%3Fauthuser%3Dunknown%26part%3DAJi8hAOr00F9KA7dU-4S_oLmrzJRXgicB-ZCRUUjAYQt-MM-_c5hCk9dyXNhbJeL9USuH7J95_8SFpbDw5frAzNY8lecTylTuSgsdLrEe1Zun_sinzerNJOMb3T4Vmp-hcUjl7lsEHCQBlV1wqHq8fTbo8470378UNBo-317qFFJVapkM9c7KUlxf3DJRUk15kB-1sB6AVk7dmWhfBIkqoOw0z9UgktkxxZKsdlKb_nxZ7gcq2PIQ5F2rJb4pqWia1BWArS57ec10K2an3H-y7h7Lg1lm6lipNjg1bsAgvQcgMFq78vfr291tm_9ScOjP58pOoBhMxqIrAPSSdu9aJCcDRhC-9o_hiNUkekpvrPs4YPTUJ1r5Qj6698Rkaw20FCyV8-C1ECk-iPxv1fbtZrNsUUHLmlHvjU-IK8QGQ9qHvo-FoSR7EUTTi2FolarljXYqkgs0maMOjdd5j07vI8IQS1FcFn2Rw%26flowName%3DGeneralOAuthFlow%26as%3DS-920666773%253A1784591552724051%26client_id%3D1078992815106-brpsupgvhheqg35tupphbh0qk9c32nq8.apps.googleusercontent.com%26requestPath%3D%252Fsignin%252Foauth%252Fconsent%23&app_domain=https%3A%2F%2Fgithub.com&rart=ANgoxcc5K0wjkvaChgk96knzTa72yuYCr-BxLMGnBFSPLNsahJ6xJ5AJp_G7jEP9kuOsZfMDGm9Gs3d-U_F4Z6EDG_rErshCKj7q5bhxNUGTvRHCSE_WtmM:0
[11856072ms] [LOG] %c%s color: red; background: yellow; font-size: 24px; WARNING! @ https://www.gstatic.com/_/mss/boq-identity/_/js/k=boq-identity.AccountsSignInUi.en_US.C2UeKe245MY.es5.O/am=EQUAAAADfSECgP__fwMAEECQ7YDvWQBNgJABAAAAAAAAAAAWAACoEUA/d=1/excm=_b,_tp,identifierview/ed=1/dg=0/wt=2/ujg=1/rs=AOaEmlENRyfEggYgpnUn84v6AQ92OCOm2g/dti=1/m=_b,_tp:550
[11856072ms] [LOG] %c%s font-size: 18px; Using this console may allow attackers to impersonate you and steal your information using an attack called Self-XSS.
Do not enter or paste code that you do not understand. @ https://www.gstatic.com/_/mss/boq-identity/_/js/k=boq-identity.AccountsSignInUi.en_US.C2UeKe245MY.es5.O/am=EQUAAAADfSECgP__fwMAEECQ7YDvWQBNgJABAAAAAAAAAAAWAACoEUA/d=1/excm=_b,_tp,identifierview/ed=1/dg=0/wt=2/ujg=1/rs=AOaEmlENRyfEggYgpnUn84v6AQ92OCOm2g/dti=1/m=_b,_tp:550
[11866405ms] [VERBOSE] [DOM] Password field is not contained in a form: (More info: https://goo.gl/9p2vKq) %o @ https://accounts.google.com/v3/signin/challenge/pwd?TL=AE6FvyZILc21pdCAnjP65lfyMU5ajHiA3cHNoCal_2dBA60wyd7FPKB2DB5V8sZu&app_domain=https%3A%2F%2Fgithub.com&checkConnection=youtube%3A430&checkedDomains=youtube&cid=2&client_id=1078992815106-brpsupgvhheqg35tupphbh0qk9c32nq8.apps.googleusercontent.com&code_challenge=q7MeMM6VKTTyg2is91P-zQ8HYhFq_RvhfUbrX6HKB5I&code_challenge_method=S256&continue=https%3A%2F%2Faccounts.google.com%2Fsignin%2Foauth%2Fconsent%3Fauthuser%3Dunknown%26part%3DAJi8hAOr00F9KA7dU-4S_oLmrzJRXgicB-ZCRUUjAYQt-MM-_c5hCk9dyXNhbJeL9USuH7J95_8SFpbDw5frAzNY8lecTylTuSgsdLrEe1Zun_sinzerNJOMb3T4Vmp-hcUjl7lsEHCQBlV1wqHq8fTbo8470378UNBo-317qFFJVapkM9c7KUlxf3DJRUk15kB-1sB6AVk7dmWhfBIkqoOw0z9UgktkxxZKsdlKb_nxZ7gcq2PIQ5F2rJb4pqWia1BWArS57ec10K2an3H-y7h7Lg1lm6lipNjg1bsAgvQcgMFq78vfr291tm_9ScOjP58pOoBhMxqIrAPSSdu9aJCcDRhC-9o_hiNUkekpvrPs4YPTUJ1r5Qj6698Rkaw20FCyV8-C1ECk-iPxv1fbtZrNsUUHLmlHvjU-IK8QGQ9qHvo-FoSR7EUTTi2FolarljXYqkgs0maMOjdd5j07vI8IQS1FcFn2Rw%26flowName%3DGeneralOAuthFlow%26as%3DS-920666773%253A1784591552724051%26client_id%3D1078992815106-brpsupgvhheqg35tupphbh0qk9c32nq8.apps.googleusercontent.com%26requestPath%3D%252Fsignin%252Foauth%252Fconsent%23&dsh=S-920666773%3A1784591552724051&flowName=GeneralOAuthFlow&nonce=a988407d4c30fee230d3fe395a6f9ee0&o2v=2&opparams=%253F&prompt=select_account&pstMsg=1&rart=ANgoxcc5K0wjkvaChgk96knzTa72yuYCr-BxLMGnBFSPLNsahJ6xJ5AJp_G7jEP9kuOsZfMDGm9Gs3d-U_F4Z6EDG_rErshCKj7q5bhxNUGTvRHCSE_WtmM&redirect_uri=https%3A%2F%2Fgithub.com%2Fsessions%2Fsocial%2Fgoogle%2Fcallback&response_type=code&scope=openid%20email%20profile&service=lso&state=c0b711597c5ec939c812052222af54e5:0
[11888336ms] [LOG] %c
▲

    ________   _ __ _          ____           __
   /  _/ __/  (_) /( )_____   / __/___ ______/ /_
   / // /_   / / __/// ___/  / /_/ __ `/ ___/ __/
 _/ // __/  / / /_  (__  )  / __/ /_/ (__  ) /_
/___/_/    /_/\__/ /____/  /_/  \__,_/____/\__/
    _ __ _                         _    __                    __
   (_) /( )_____   ____  ____     | |  / /__  _____________  / /
  / / __/// ___/  / __ \/ __ \    | | / / _ \/ ___/ ___/ _ \/ /
 / / /_  (__  )  / /_/ / / / /    | |/ /  __/ /  / /__/  __/ /
/_/\__/ /____/   \____/_/ /_/     |___/\___/_/   \___/\___/_/
  

Hello!

- Open Source https://vercel.com/oss
- Careers https://vercel.com/careers
- Status https://vercel-status.com

 font-family: "Geist Mono", monospace; white-space: pre; line-height: 1; @ https://vercel.com/_next/static/immutable/chunks/21qroz03ej675.js:78
[11888696ms] [ERROR] Failed to load resource: the server responded with a status of 403 () @ https://vercel.com/api/jwt:0
[11888789ms] [WARNING] Deprecated API for given entry type. @ https://vercel.com/_next/static/immutable/chunks/3unu45tgaku2t.js:18
[11892034ms] [WARNING] The resource https://vercel.com/_next/static/immutable/chunks/39oziua0-wb3_.css was preloaded using link preload but not used within a few seconds from the window's load event. Please make sure it has an appropriate `as` value and it is preloaded intentionally. @ https://vercel.com/login/callback/verify/2fa?token=eyJhbGciOiJSUzI1NiIsInR5cCI6IkpXVCIsImtpZCI6IjBhM2YyYmVhLTNhMTMtNDA5Yi1hODEwLTY1ODBiZWQ4YjcwOCJ9.eyJhbGxvd2VkTWV0aG9kcyI6WyJ0b3RwIiwid2ViYXV0aG4iLCJyZWNvdmVyeS1jb2RlIl0sInN1YiI6IkJNNlZTbmRaemVXYWx0MlF1WFh4SmZ6ZiIsImp0aSI6IjU1YzlmNGNiLTI5ZTQtNDkyMS1hMWM1LWI0ZDk3MzZjYTE1OCIsImlhdCI6MTc4NDU5MTU4NSwiZXhwIjoxNzg0NTkxODg1fQ.FbY7RVQRjPZCO1KI0OcFqljfIWZeqWlJEo0dZyWWlAz76VUCT_Ik0YWgMthazKeKaWiANf9Y1eqwb44w0x6k2TrTeJIzBh_k4oTdo0n0D4ChokfFED4fTXWNIleIuuJfkzQtm-rz6YkJQnp-cZ2sTIVwHUvhhLXfaMzvf19DtTK6tY9YVDFIlHhuVL3lCCrhImhyU3hc_ZpBJXBhboMYhHIG9gyqz73o--ThZ1qmiPuGrJsvIuZ8F2XX7kSM7_YcfSoqQbqgSvn8KqST1rbqZG3-txw-94uhE8frFWmPIkGGd7oGNN8foGquTC5Eo-DKxteVuulj85SRsxyrgk4bvA&next=https%3A%2F%2Fvercel.com%2Flogin%2Fcallback%3Fnext%3D%252Fsso-api%253Furl%253Dhttps%25253A%25252F%25252Ftravola-os-tablai.vercel.app%25252Flogin%25253F_vercel_share%25253DS3ymd5cw9hmqylnpWJIT0EFGet4m1Odv%2526nonce%253Dfc94ff03ef7c406510e4872f1511711d9e2126f6c89b04f96cd5199de02c3f57%26redirect%3Dserver:0
[11892034ms] [WARNING] The resource https://vercel.com/_next/static/immutable/chunks/2xbfzgewmgp31.css was preloaded using link preload but not used within a few seconds from the window's load event. Please make sure it has an appropriate `as` value and it is preloaded intentionally. @ https://vercel.com/login/callback/verify/2fa?token=eyJhbGciOiJSUzI1NiIsInR5cCI6IkpXVCIsImtpZCI6IjBhM2YyYmVhLTNhMTMtNDA5Yi1hODEwLTY1ODBiZWQ4YjcwOCJ9.eyJhbGxvd2VkTWV0aG9kcyI6WyJ0b3RwIiwid2ViYXV0aG4iLCJyZWNvdmVyeS1jb2RlIl0sInN1YiI6IkJNNlZTbmRaemVXYWx0MlF1WFh4SmZ6ZiIsImp0aSI6IjU1YzlmNGNiLTI5ZTQtNDkyMS1hMWM1LWI0ZDk3MzZjYTE1OCIsImlhdCI6MTc4NDU5MTU4NSwiZXhwIjoxNzg0NTkxODg1fQ.FbY7RVQRjPZCO1KI0OcFqljfIWZeqWlJEo0dZyWWlAz76VUCT_Ik0YWgMthazKeKaWiANf9Y1eqwb44w0x6k2TrTeJIzBh_k4oTdo0n0D4ChokfFED4fTXWNIleIuuJfkzQtm-rz6YkJQnp-cZ2sTIVwHUvhhLXfaMzvf19DtTK6tY9YVDFIlHhuVL3lCCrhImhyU3hc_ZpBJXBhboMYhHIG9gyqz73o--ThZ1qmiPuGrJsvIuZ8F2XX7kSM7_YcfSoqQbqgSvn8KqST1rbqZG3-txw-94uhE8frFWmPIkGGd7oGNN8foGquTC5Eo-DKxteVuulj85SRsxyrgk4bvA&next=https%3A%2F%2Fvercel.com%2Flogin%2Fcallback%3Fnext%3D%252Fsso-api%253Furl%253Dhttps%25253A%25252F%25252Ftravola-os-tablai.vercel.app%25252Flogin%25253F_vercel_share%25253DS3ymd5cw9hmqylnpWJIT0EFGet4m1Odv%2526nonce%253Dfc94ff03ef7c406510e4872f1511711d9e2126f6c89b04f96cd5199de02c3f57%26redirect%3Dserver:0
[11901854ms] [WARNING] The resource https://vercel.com/_next/static/immutable/chunks/39oziua0-wb3_.css was preloaded using link preload but not used within a few seconds from the window's load event. Please make sure it has an appropriate `as` value and it is preloaded intentionally. @ https://vercel.com/login/callback/verify/2fa?token=eyJhbGciOiJSUzI1NiIsInR5cCI6IkpXVCIsImtpZCI6IjBhM2YyYmVhLTNhMTMtNDA5Yi1hODEwLTY1ODBiZWQ4YjcwOCJ9.eyJhbGxvd2VkTWV0aG9kcyI6WyJ0b3RwIiwid2ViYXV0aG4iLCJyZWNvdmVyeS1jb2RlIl0sInN1YiI6IkJNNlZTbmRaemVXYWx0MlF1WFh4SmZ6ZiIsImp0aSI6IjU1YzlmNGNiLTI5ZTQtNDkyMS1hMWM1LWI0ZDk3MzZjYTE1OCIsImlhdCI6MTc4NDU5MTU4NSwiZXhwIjoxNzg0NTkxODg1fQ.FbY7RVQRjPZCO1KI0OcFqljfIWZeqWlJEo0dZyWWlAz76VUCT_Ik0YWgMthazKeKaWiANf9Y1eqwb44w0x6k2TrTeJIzBh_k4oTdo0n0D4ChokfFED4fTXWNIleIuuJfkzQtm-rz6YkJQnp-cZ2sTIVwHUvhhLXfaMzvf19DtTK6tY9YVDFIlHhuVL3lCCrhImhyU3hc_ZpBJXBhboMYhHIG9gyqz73o--ThZ1qmiPuGrJsvIuZ8F2XX7kSM7_YcfSoqQbqgSvn8KqST1rbqZG3-txw-94uhE8frFWmPIkGGd7oGNN8foGquTC5Eo-DKxteVuulj85SRsxyrgk4bvA&next=https%3A%2F%2Fvercel.com%2Flogin%2Fcallback%3Fnext%3D%252Fsso-api%253Furl%253Dhttps%25253A%25252F%25252Ftravola-os-tablai.vercel.app%25252Flogin%25253F_vercel_share%25253DS3ymd5cw9hmqylnpWJIT0EFGet4m1Odv%2526nonce%253Dfc94ff03ef7c406510e4872f1511711d9e2126f6c89b04f96cd5199de02c3f57%26redirect%3Dserver:0
[11901855ms] [WARNING] The resource https://vercel.com/_next/static/immutable/chunks/2xbfzgewmgp31.css was preloaded using link preload but not used within a few seconds from the window's load event. Please make sure it has an appropriate `as` value and it is preloaded intentionally. @ https://vercel.com/login/callback/verify/2fa?token=eyJhbGciOiJSUzI1NiIsInR5cCI6IkpXVCIsImtpZCI6IjBhM2YyYmVhLTNhMTMtNDA5Yi1hODEwLTY1ODBiZWQ4YjcwOCJ9.eyJhbGxvd2VkTWV0aG9kcyI6WyJ0b3RwIiwid2ViYXV0aG4iLCJyZWNvdmVyeS1jb2RlIl0sInN1YiI6IkJNNlZTbmRaemVXYWx0MlF1WFh4SmZ6ZiIsImp0aSI6IjU1YzlmNGNiLTI5ZTQtNDkyMS1hMWM1LWI0ZDk3MzZjYTE1OCIsImlhdCI6MTc4NDU5MTU4NSwiZXhwIjoxNzg0NTkxODg1fQ.FbY7RVQRjPZCO1KI0OcFqljfIWZeqWlJEo0dZyWWlAz76VUCT_Ik0YWgMthazKeKaWiANf9Y1eqwb44w0x6k2TrTeJIzBh_k4oTdo0n0D4ChokfFED4fTXWNIleIuuJfkzQtm-rz6YkJQnp-cZ2sTIVwHUvhhLXfaMzvf19DtTK6tY9YVDFIlHhuVL3lCCrhImhyU3hc_ZpBJXBhboMYhHIG9gyqz73o--ThZ1qmiPuGrJsvIuZ8F2XX7kSM7_YcfSoqQbqgSvn8KqST1rbqZG3-txw-94uhE8frFWmPIkGGd7oGNN8foGquTC5Eo-DKxteVuulj85SRsxyrgk4bvA&next=https%3A%2F%2Fvercel.com%2Flogin%2Fcallback%3Fnext%3D%252Fsso-api%253Furl%253Dhttps%25253A%25252F%25252Ftravola-os-tablai.vercel.app%25252Flogin%25253F_vercel_share%25253DS3ymd5cw9hmqylnpWJIT0EFGet4m1Odv%2526nonce%253Dfc94ff03ef7c406510e4872f1511711d9e2126f6c89b04f96cd5199de02c3f57%26redirect%3Dserver:0
[11918178ms] [ERROR] Failed to load resource: the server responded with a status of 403 () @ https://vercel.com/api/jwt:0
